// Jest Snapshot v1, https://goo.gl/fbAQLP

exports[`Generic component: <Button /> renders children if passed 1`] = `
<View
  accessible={true}
  isTVSelectable={true}
  onResponderGrant={[Function]}
  onResponderMove={[Function]}
  onResponderRelease={[Function]}
  onResponderTerminate={[Function]}
  onResponderTerminationRequest={[Function]}
  onStartShouldSetResponder={[Function]}
  style={
    Object {
      "opacity": 1,
    }
  }
>
  <View
    color="red"
    inactive={false}
    style={null}
  >
    <View
      style={
        Array [
          Object {
            "alignItems": "center",
            "backgroundColor": "#53C000",
            "borderColor": "#53C000",
            "borderRadius": 100,
            "borderWidth": 1,
            "height": 43.58681250000001,
            "justifyContent": "center",
            "width": 166.04500000000002,
          },
          Object {
            "backgroundColor": "#E33258",
            "borderColor": "#E33258",
          },
          false,
          undefined,
        ]
      }
    >
      <Text
        accessible={true}
        allowFontScaling={true}
        ellipsizeMode="tail"
      >
        Wassup!
      </Text>
    </View>
  </View>
</View>
`;

exports[`Generic component: <Button /> renders correctly 1`] = `
<View
  accessible={true}
  isTVSelectable={true}
  onResponderGrant={[Function]}
  onResponderMove={[Function]}
  onResponderRelease={[Function]}
  onResponderTerminate={[Function]}
  onResponderTerminationRequest={[Function]}
  onStartShouldSetResponder={[Function]}
  style={
    Object {
      "opacity": 1,
    }
  }
>
  <View
    color="red"
    inactive={false}
    style={null}
    text="Hello!"
  >
    <View
      style={
        Array [
          Object {
            "alignItems": "center",
            "backgroundColor": "#53C000",
            "borderColor": "#53C000",
            "borderRadius": 100,
            "borderWidth": 1,
            "height": 43.58681250000001,
            "justifyContent": "center",
            "width": 166.04500000000002,
          },
          Object {
            "backgroundColor": "#E33258",
            "borderColor": "#E33258",
          },
          false,
          undefined,
        ]
      }
    >
      <Text
        accessible={true}
        allowFontScaling={true}
        ellipsizeMode="tail"
        style={
          Array [
            Object {
              "backgroundColor": "transparent",
              "color": "#fefefe",
              "fontFamily": "Avenir",
              "fontSize": 16.6045,
              "fontWeight": "600",
              "textAlign": "center",
            },
            false,
            false,
          ]
        }
      >
        Hello!
      </Text>
    </View>
  </View>
</View>
`;

exports[`Generic component: <Button /> renders correctly with color & inactive props 1`] = `
<View
  accessible={true}
  isTVSelectable={true}
  onResponderGrant={[Function]}
  onResponderMove={[Function]}
  onResponderRelease={[Function]}
  onResponderTerminate={[Function]}
  onResponderTerminationRequest={[Function]}
  onStartShouldSetResponder={[Function]}
  style={
    Object {
      "opacity": 1,
    }
  }
>
  <View
    color="red"
    inactive={true}
    style={null}
    text="Feel free to leave a ⭐!"
  >
    <View
      style={
        Array [
          Object {
            "alignItems": "center",
            "backgroundColor": "#53C000",
            "borderColor": "#53C000",
            "borderRadius": 100,
            "borderWidth": 1,
            "height": 43.58681250000001,
            "justifyContent": "center",
            "width": 166.04500000000002,
          },
          Object {
            "backgroundColor": "#E33258",
            "borderColor": "#E33258",
          },
          Object {
            "backgroundColor": "transparent",
            "borderColor": "#E33258",
          },
          undefined,
        ]
      }
    >
      <Text
        accessible={true}
        allowFontScaling={true}
        ellipsizeMode="tail"
        style={
          Array [
            Object {
              "backgroundColor": "transparent",
              "color": "#fefefe",
              "fontFamily": "Avenir",
              "fontSize": 16.6045,
              "fontWeight": "600",
              "textAlign": "center",
            },
            false,
            Object {
              "color": "#E33258",
            },
          ]
        }
      >
        Feel free to leave a ⭐!
      </Text>
    </View>
  </View>
</View>
`;

exports[`Generic component: <Button /> renders correctly with color prop 1`] = `
<View
  accessible={true}
  isTVSelectable={true}
  onResponderGrant={[Function]}
  onResponderMove={[Function]}
  onResponderRelease={[Function]}
  onResponderTerminate={[Function]}
  onResponderTerminationRequest={[Function]}
  onStartShouldSetResponder={[Function]}
  style={
    Object {
      "opacity": 1,
    }
  }
>
  <View
    color="yellow"
    inactive={false}
    style={null}
    text="Hope you like what you see so far"
  >
    <View
      style={
        Array [
          Object {
            "alignItems": "center",
            "backgroundColor": "#53C000",
            "borderColor": "#53C000",
            "borderRadius": 100,
            "borderWidth": 1,
            "height": 43.58681250000001,
            "justifyContent": "center",
            "width": 166.04500000000002,
          },
          Object {
            "backgroundColor": "#FFAD1D",
            "borderColor": "#FFAD1D",
          },
          false,
          undefined,
        ]
      }
    >
      <Text
        accessible={true}
        allowFontScaling={true}
        ellipsizeMode="tail"
        style={
          Array [
            Object {
              "backgroundColor": "transparent",
              "color": "#fefefe",
              "fontFamily": "Avenir",
              "fontSize": 16.6045,
              "fontWeight": "600",
              "textAlign": "center",
            },
            false,
            false,
          ]
        }
      >
        Hope you like what you see so far
      </Text>
    </View>
  </View>
</View>
`;

exports[`Generic component: <Button /> renders with inactive prop 1`] = `
<View
  accessible={true}
  isTVSelectable={true}
  onResponderGrant={[Function]}
  onResponderMove={[Function]}
  onResponderRelease={[Function]}
  onResponderTerminate={[Function]}
  onResponderTerminationRequest={[Function]}
  onStartShouldSetResponder={[Function]}
  style={
    Object {
      "opacity": 1,
    }
  }
>
  <View
    color="red"
    inactive={true}
    style={null}
    text="Having a good day?"
  >
    <View
      style={
        Array [
          Object {
            "alignItems": "center",
            "backgroundColor": "#53C000",
            "borderColor": "#53C000",
            "borderRadius": 100,
            "borderWidth": 1,
            "height": 43.58681250000001,
            "justifyContent": "center",
            "width": 166.04500000000002,
          },
          Object {
            "backgroundColor": "#E33258",
            "borderColor": "#E33258",
          },
          Object {
            "backgroundColor": "transparent",
            "borderColor": "#E33258",
          },
          undefined,
        ]
      }
    >
      <Text
        accessible={true}
        allowFontScaling={true}
        ellipsizeMode="tail"
        style={
          Array [
            Object {
              "backgroundColor": "transparent",
              "color": "#fefefe",
              "fontFamily": "Avenir",
              "fontSize": 16.6045,
              "fontWeight": "600",
              "textAlign": "center",
            },
            false,
            Object {
              "color": "#E33258",
            },
          ]
        }
      >
        Having a good day?
      </Text>
    </View>
  </View>
</View>
`;
