// Jest Snapshot v1, https://goo.gl/fbAQLP

exports[`ðŸ“± Generic component: <Device /> should render \`<Device.Consumer />\` correctly 1`] = `<View />`;

exports[`ðŸ“± Generic component: <Device /> should render \`<Device.Provider />\` correctly 1`] = `<View />`;
