// Jest Snapshot v1, https://goo.gl/fbAQLP

exports[`ðŸ’  Generic component: <Icon /> should render activated version correctly 1`] = `
<View
  activated={true}
  defaultActivatedColor="#53C000"
  defaultColor="#b8b8b8"
  name="backButton"
  size={15}
>
  <Svg />
</View>
`;

exports[`ðŸ’  Generic component: <Icon /> should render correctly 1`] = `
<View
  activated={false}
  defaultActivatedColor="#53C000"
  defaultColor="#b8b8b8"
  name="backButton"
  size={15}
>
  <Svg />
</View>
`;

exports[`ðŸ’  Generic component: <Icon /> should render with activated version with custom color correctly 1`] = `
<View
  activated={true}
  defaultActivatedColor="#5AADEB"
  defaultColor="#b8b8b8"
  name="backButton"
  size={15}
>
  <Svg />
</View>
`;

exports[`ðŸ’  Generic component: <Icon /> should render with defaultColor correctly 1`] = `
<View
  activated={false}
  defaultActivatedColor="#53C000"
  defaultColor="#333333"
  name="backButton"
  size={15}
>
  <Svg />
</View>
`;
